<!-- wp:html -->
<ul class="list">
  <li class="item"></li>
  <li class="item"></li>
  <li class="item"></li>
  <li class="item"></li>
  <li class="item"></li>
</ul>
<!-- /wp:html -->